// Jest Snapshot v1, https://goo.gl/fbAQLP

exports[`button 1`] = `
<div
  className="button-style"
  data-testid="buttons"
/>
`;

exports[`matches snapshot 1`] = `
<div
  className="button-style"
  data-testid="buttons"
/>
`;
